[backblue.gif]
[fade.gif]
[index.html]
[lonesomelabs.com/wp-content/themes/lonesomelabs/assets/fonts/poppins-v20-400.woff2]
[lonesomelabs.com/wp-content/themes/lonesomelabs/assets/fonts/poppins-v20-500.woff2]
[lonesomelabs.com/wp-content/themes/lonesomelabs/assets/fonts/poppins-v20-600.woff2]
[lonesomelabs.com/wp-content/themes/lonesomelabs/assets/fonts/poppins-v20-700.woff2]
[lonesomelabs.com/wp-content/uploads/2024/02/cropped-lonesomelab_logo-32x32.png]
[lonesomelabs.com/wp-content/uploads/2024/02/cropped-lonesomelab_logo-192x192.png]
[lonesomelabs.com/wp-content/uploads/2024/02/cropped-lonesomelab_logo-180x180.png]
[lonesomelabs.com/wp-content/themes/lonesomelabs/assets/img/hero_v1.webp]
[lonesomelabs.com/wp-content/themes/lonesomelabs/assets/img/hero_v1-mobile.webp]
[lonesomelabs.com/about-us/index.html]
[lonesomelabs.com/wp-content/webp-express/webp-images/uploads/2024/02/Mask-group.png.webp]
[lonesomelabs.com/wp-content/webp-express/webp-images/uploads/2024/02/Mask-group-3.png.webp]
[lonesomelabs.com/amazon-sellers-community/index.html]
[lonesomelabs.com/learn/index.html]
[lonesomelabs.com/highfive/index.html]
[lonesomelabs.com/wp-content/webp-express/webp-images/uploads/2024/02/Mask-group-2.png.webp]
[lonesomelabs.com/pulse/index.html]
[lonesomelabs.com/wp-content/webp-express/webp-images/uploads/2024/02/video-image.jpg.webp]
[lonesomelabs.com/wp-content/uploads/2024/01/logo-star.svg]
[lonesomelabs.com/wp-content/uploads/2024/02/HighFiveGIF.gif]
[lonesomelabs.com/wp-content/themes/lonesomelabs/assets/svg/icon-briefcase.svg]
[lonesomelabs.com/wp-content/themes/lonesomelabs/assets/svg/icon-book.svg]
[lonesomelabs.com/wp-content/themes/lonesomelabs/assets/svg/icon-megaphone.svg]
[lonesomelabs.com/wp-content/uploads/2024/01/logo-seller-forum.svg]
[lonesomelabs.com/wp-content/uploads/2024/02/community.gif]
[lonesomelabs.com/wp-content/themes/lonesomelabs/assets/svg/icon-comments.svg]
[lonesomelabs.com/wp-content/themes/lonesomelabs/assets/svg/icon-check.svg]
[lonesomelabs.com/wp-content/themes/lonesomelabs/assets/svg/icon-calendar.svg]
[lonesomelabs.com/wp-content/uploads/2024/01/logo-pulse.svg]
[lonesomelabs.com/wp-content/uploads/2024/02/new-pulse.gif]
[lonesomelabs.com/wp-content/themes/lonesomelabs/assets/svg/icon-chart.svg]
[lonesomelabs.com/wp-content/themes/lonesomelabs/assets/svg/icon-eye.svg]
[lonesomelabs.com/wp-content/themes/lonesomelabs/assets/svg/icon-thumbs-up.svg]
[lonesomelabs.com/wp-content/themes/lonesomelabs/assets/svg/icon-check-g.svg]
[lonesomelabs.com/wp-content/themes/lonesomelabs/assets/svg/icon-5-stars.svg]
[lonesomelabs.com/wp-content/uploads/2024/01/icon-verified.svg]
[lonesomelabs.com/wp-content/uploads/2024/02/comments.svg]
[lonesomelabs.com/wp-content/uploads/2024/01/icon-chart-bar.svg]
[lonesomelabs.com/learn/6-best-practices-for-amazon-seller-inventory-turnover.html]
[lonesomelabs.com/learn/6-key-strategies-to-elevate-amazon-sales-pricing.html]
[lonesomelabs.com/learn/why-automate-amazon-review-requests.html]
[lonesomelabs.com/wp-content/themes/lonesomelabs/assets/svg/twitter.svg]
[lonesomelabs.com/wp-content/uploads/2024/01/lonesomelabs_logo.svg]
[lonesomelabs.com/wp-content/themes/lonesomelabs/lib/lity-2.4.1/lity.min8066.css]
[lonesomelabs.com/privacy-policy/index.html]
[lonesomelabs.com/wp-content/themes/lonesomelabs/lib/swiper-11.0.5/swiper-bundle.min8bb0.css]
[lonesomelabs.com/terms-of-service/index.html]
[lonesomelabs.com/cookie-chart/index.html]
[lonesomelabs.com/wp-content/themes/lonesomelabs/assets/js/globalb55d.js]
[lonesomelabs.com/accessibility-statement/index.html]
[lonesomelabs.com/wp-content/themes/lonesomelabs/assets/js/handleFormsb55d.js]
[lonesomelabs.com/wp-includes/js/jquery/jquery.minf43b.js]
[lonesomelabs.com/wp-includes/js/jquery/jquery-migrate.min5589.js]
[lonesomelabs.com/wp-content/themes/lonesomelabs/lib/lity-2.4.1/lity.min8066.js]
[lonesomelabs.com/wp-content/themes/lonesomelabs/lib/swiper-11.0.5/swiper-bundle.min8bb0.js]
[lonesomelabs.com/index.html]
[lonesomelabs.com/wp-content/themes/lonesomelabs/assets/svg/chevron-down.svg]
[lonesomelabs.com/wp-content/themes/lonesomelabs/assets/svg/user.svg]
[lonesomelabs.com/wp-content/themes/lonesomelabs/assets/svg/loader.svg]
[lonesomelabs.com/wp-content/themes/lonesomelabs/assets/svg/loader-black.svg]
[www.googletagmanager.com/gtm5445.html]
[cdn.enable.co.il/licenses/enable-L144549oip40skqf-0922-35325/initad05.js]
[lonesomelabs.com/wp-content/webp-express/webp-images/uploads/2024/01/tom.png.webp]
[lonesomelabs.com/wp-content/webp-express/webp-images/uploads/2024/01/george-225x300.jpeg.webp]
[lonesomelabs.com/wp-content/webp-express/webp-images/uploads/2024/01/joshua.png.webp]
[lonesomelabs.com/wp-content/themes/lonesomelabs/assets/js/global20a9.js]
[lonesomelabs.com/about-us/index.html]
[lonesomelabs.com/wp-content/themes/lonesomelabs/assets/js/handleForms20a9.js]
[lonesomelabs.com/learn/pricing-amazon-products.html]
[lonesomelabs.com/learn/sourcing-and-supply-chain-management.html]
[lonesomelabs.com/learn/how-to-perfect-inventory-management-as-an-amazon-seller.html]
[lonesomelabs.com/learn/amazon-seo.html]
[lonesomelabs.com/learn/product-discovery.html]
[lonesomelabs.com/learn/the-seller-guide-to-order-management-and-fulfillment-strategies-on-amazon.html]
[lonesomelabs.com/learn/get-more-product-reviews.html]
[lonesomelabs.com/learn/learn-amazon-seller-central.html]
[lonesomelabs.com/learn/amazon-ppc-guide.html]
[lonesomelabs.com/learn/product-listing-optimization.html]
[lonesomelabs.com/learn/top-3-amazon-feedback-tools-for-2024.html]
[lonesomelabs.com/learn/top-fake-review-detection-tools-for-amazon-sellers.html]
[lonesomelabs.com/learn/5-key-strategies-to-elevate-amazon-sales-pricing.html]
[lonesomelabs.com/learn/top-metrics-for-amazon-product-success-3-tips.html]
[lonesomelabs.com/learn/why-can-ai-detect-fake-amazon-reviews.html]
[lonesomelabs.com/learn/what-are-the-best-tools-for-amazon-review-tracking.html]
[lonesomelabs.com/learn/why-choose-the-top-sentiment-analysis-tool-for-amazon-reviews.html]
[lonesomelabs.com/learn/unlocking-amazon-review-insights-with-ai-automation.html]
[lonesomelabs.com/learn/whats-the-best-amazon-review-automation-tool.html]
[lonesomelabs.com/learn/3rd-part-apps-and-tools.html]
[lonesomelabs.com/learn/amazon-return-on-ad-spend-roas.html]
[lonesomelabs.com/learn/amazon-ad-placements.html]
[lonesomelabs.com/learn/the-pricing-playbook-for-amazon-sellers.html]
[lonesomelabs.com/learn/amazon-exact-match.html]
[lonesomelabs.com/learn/the-2023-definitive-guide-to-effective-advertising.html]
[lonesomelabs.com/learn/how-to-get-reviews-on-amazon.html]
[lonesomelabs.com/learn/the-ultimate-sellers-guide-to-amazon-seo-in-2023.html]
[lonesomelabs.com/learn/amazon-phrase-keywords.html]
[lonesomelabs.com/learn/how-to-remove-negative-feedback-on-amazon.html]
[lonesomelabs.com/learn/amazon-ppc-bid-placements.html]
[lonesomelabs.com/learn/amazon-click-through-rate-ctr.html]
[lonesomelabs.com/learn/amazon-conversion-rate-cvr.html]
[lonesomelabs.com/learn/what-is-considered-a-good-ratio-between-organic-and-paid-sales.html]
[lonesomelabs.com/learn/what-is-required-to-sell-on-amazon.html]
[lonesomelabs.com/learn/feedback-amazon-style-how-to-get-buyer-feedback.html]
[lonesomelabs.com/learn/manage-amazon-campaign-daily-budgets.html]
[lonesomelabs.com/learn/build-amazon-ppc-campaign-structure.html]
[lonesomelabs.com/learn/amazon-reviews.html]
[lonesomelabs.com/learn/amazon-bidding-strategies.html]
[lonesomelabs.com/learn/amazon-sponsored-product-ads.html]
[lonesomelabs.com/learn/amazon-broad-keyword.html]
[lonesomelabs.com/learn/the-art-and-power-of-product-discovery.html]
[lonesomelabs.com/learn/amazon-keyword-targeting.html]
[lonesomelabs.com/learn/amazon-product-targeting.html]
[lonesomelabs.com/learn/how-to-get-positive-feedback-on-amazon.html]
[lonesomelabs.com/learn/amazon-cost-per-click-cpc.html]
[lonesomelabs.com/learn/amazon-review-importance-for-your-seller-account.html]
[lonesomelabs.com/learn/amazon-negative-product-targeting.html]
[lonesomelabs.com/learn/search-term-isolation.html]
[lonesomelabs.com/learn/how-to-increase-sales-on-amazon.html]
[lonesomelabs.com/learn/amazon-negative-keyword-targeting.html]
[lonesomelabs.com/learn/amazon-dashboard-for-sellers.html]
[lonesomelabs.com/learn/profit-driven-strategies.html]
[lonesomelabs.com/learn/mastering-amazon-seller-central.html]
[lonesomelabs.com/learn/do-you-need-an-llc-to-sell-on-amazon.html]
[lonesomelabs.com/learn/software-for-amazon-feedback-the-dos-and-donts.html]
[lonesomelabs.com/learn/how-to-sell-on-amazon-without-inventory.html]
[lonesomelabs.com/learn/amazon-customer-feedback-learn-how-to-get-it.html]
[lonesomelabs.com/learn/amazon-seller-feedback.html]
[lonesomelabs.com/learn/amazon-advertising-cost-of-sales-acos.html]
[lonesomelabs.com/learn/amazon-feedback-and-its-importance-to-the-seller.html]
[lonesomelabs.com/wp-content/themes/lonesomelabs/assets/js/global4d05.js]
[lonesomelabs.com/learn/index.html]
[lonesomelabs.com/wp-content/themes/lonesomelabs/assets/js/handleForms4d05.js]
[lonesomelabs.com/wp-content/webp-express/webp-images/uploads/2024/01/highfive-review-screen-1024x644.png.webp]
[lonesomelabs.com/wp-content/webp-express/webp-images/uploads/2024/02/Group-11743-1-1024x658.png.webp]
[lonesomelabs.com/wp-content/webp-express/webp-images/uploads/2024/01/amazon-products.png.webp]
[lonesomelabs.com/wp-content/webp-express/webp-images/uploads/2024/01/highfive-2-1024x604.png.webp]
[lonesomelabs.com/wp-content/webp-express/webp-images/uploads/2024/01/highfive-stats-1024x598.png.webp]
[lonesomelabs.com/wp-content/themes/lonesomelabs/assets/js/global810e.js]
[lonesomelabs.com/highfive/index.html]
[lonesomelabs.com/wp-content/themes/lonesomelabs/assets/js/handleForms810e.js]
[lonesomelabs.com/wp-content/uploads/2024/01/community.gif]
[lonesomelabs.com/wp-content/webp-express/webp-images/uploads/2024/01/community-1-1024x763.jpg.webp]
[lonesomelabs.com/wp-content/webp-express/webp-images/uploads/2024/01/community-2-1024x760.jpg.webp]
[lonesomelabs.com/wp-content/webp-express/webp-images/uploads/2024/01/community-3-1024x618.png.webp]
[lonesomelabs.com/wp-content/themes/lonesomelabs/assets/js/globaldf3e.js]
[lonesomelabs.com/amazon-sellers-community/index.html]
[lonesomelabs.com/wp-content/themes/lonesomelabs/assets/js/handleFormsdf3e.js]
[lonesomelabs.com/wp-content/webp-express/webp-images/uploads/2024/02/Group-3988-2-1024x659.png.webp]
[lonesomelabs.com/wp-content/webp-express/webp-images/uploads/2024/02/Group-3992-1024x659.png.webp]
[lonesomelabs.com/wp-content/webp-express/webp-images/uploads/2024/02/Group-4002-1024x658.png.webp]
[lonesomelabs.com/wp-content/webp-express/webp-images/uploads/2024/02/Group-3991-1024x659.png.webp]
[lonesomelabs.com/wp-content/webp-express/webp-images/uploads/2024/02/Group-4048-1024x640.png.webp]
[lonesomelabs.com/wp-content/themes/lonesomelabs/assets/js/global685f.js]
[lonesomelabs.com/pulse/index.html]
[lonesomelabs.com/wp-content/themes/lonesomelabs/assets/svg/arrow-right-blue.svg]
[lonesomelabs.com/wp-content/themes/lonesomelabs/assets/svg/icon-play.svg]
[lonesomelabs.com/wp-content/uploads/2024/01/logo-star.svg]
[lonesomelabs.com/wp-content/themes/lonesomelabs/assets/svg/icon-briefcase.svg]
[lonesomelabs.com/wp-content/themes/lonesomelabs/assets/svg/icon-book.svg]
[lonesomelabs.com/wp-content/themes/lonesomelabs/assets/svg/icon-megaphone.svg]
[lonesomelabs.com/wp-content/uploads/2024/01/logo-seller-forum.svg]
[lonesomelabs.com/wp-content/themes/lonesomelabs/assets/svg/icon-comments.svg]
[lonesomelabs.com/wp-content/themes/lonesomelabs/assets/svg/icon-check.svg]
[lonesomelabs.com/wp-content/themes/lonesomelabs/assets/svg/icon-calendar.svg]
[lonesomelabs.com/wp-content/uploads/2024/01/logo-pulse.svg]
[lonesomelabs.com/wp-content/themes/lonesomelabs/assets/svg/icon-chart.svg]
[lonesomelabs.com/wp-content/themes/lonesomelabs/assets/svg/icon-eye.svg]
[lonesomelabs.com/wp-content/themes/lonesomelabs/assets/svg/icon-thumbs-up.svg]
[lonesomelabs.com/wp-content/themes/lonesomelabs/assets/svg/arrow-right-main.svg]
[lonesomelabs.com/wp-content/themes/lonesomelabs/assets/svg/icon-que.svg]
[lonesomelabs.com/wp-content/themes/lonesomelabs/assets/svg/icon-check-g.svg]
[lonesomelabs.com/wp-content/themes/lonesomelabs/assets/svg/icon-5-stars.svg]
[lonesomelabs.com/amazon-reviews-highfive/index.html]
[lonesomelabs.com/wp-content/uploads/2024/01/icon-verified.svg]
[lonesomelabs.com/wp-content/uploads/2024/02/comments.svg]
[lonesomelabs.com/amazon-live-sales-dashboard-pulse/index.html]
[lonesomelabs.com/wp-content/uploads/2024/01/icon-chart-bar.svg]
[lonesomelabs.com/wp-content/themes/lonesomelabs/assets/js/handleForms685f.js]
[lonesomelabs.com/wp-content/themes/lonesomelabs/assets/js/globalc01a.js]
[lonesomelabs.com/learn/6-best-practices-for-amazon-seller-inventory-turnover.html]
[lonesomelabs.com/wp-content/themes/lonesomelabs/assets/js/handleFormsc01a.js]
[lonesomelabs.com/wp-content/themes/lonesomelabs/assets/js/globalb3c3.js]
[lonesomelabs.com/learn/6-key-strategies-to-elevate-amazon-sales-pricing.html]
[lonesomelabs.com/wp-content/themes/lonesomelabs/assets/js/handleFormsb3c3.js]
[lonesomelabs.com/wp-content/themes/lonesomelabs/assets/js/global57b3.js]
[lonesomelabs.com/learn/why-automate-amazon-review-requests.html]
[lonesomelabs.com/wp-content/themes/lonesomelabs/assets/svg/linkedin.svg]
[lonesomelabs.com/wp-content/themes/lonesomelabs/assets/svg/twitter.svg]
[lonesomelabs.com/wp-content/uploads/2024/01/lonesomelabs_logo.svg]
[lonesomelabs.com/wp-content/themes/lonesomelabs/assets/js/handleForms57b3.js]
[lonesomelabs.com/wp-content/themes/lonesomelabs/assets/js/globalfea3.js]
[lonesomelabs.com/privacy-policy/index.html]
[lonesomelabs.com/wp-content/themes/lonesomelabs/assets/js/handleFormsfea3.js]
[lonesomelabs.com/wp-content/themes/lonesomelabs/assets/js/global74e6.js]
[lonesomelabs.com/terms-of-service/index.html]
[lonesomelabs.com/wp-content/themes/lonesomelabs/assets/js/handleForms74e6.js]
[lonesomelabs.com/wp-content/themes/lonesomelabs/assets/js/global1e80.js]
[lonesomelabs.com/cookie-chart/index.html]
[lonesomelabs.com/wp-content/themes/lonesomelabs/assets/js/handleForms1e80.js]
[lonesomelabs.com/wp-content/themes/lonesomelabs/assets/js/global1ee5.js]
[lonesomelabs.com/accessibility-statement/index.html]
[lonesomelabs.com/wp-content/themes/lonesomelabs/assets/svg/arrow-right.svg]
[lonesomelabs.com/wp-content/themes/lonesomelabs/lib/lity-2.4.1/lity.min8066.css]
[lonesomelabs.com/wp-content/themes/lonesomelabs/lib/swiper-11.0.5/swiper-bundle.min8bb0.css]
[lonesomelabs.com/wp-content/themes/lonesomelabs/assets/js/handleForms1ee5.js]
[lonesomelabs.com/wp-content/themes/lonesomelabs/assets/js/global3c38.js]
[lonesomelabs.com/learn/pricing-amazon-products.html]
[lonesomelabs.com/wp-content/themes/lonesomelabs/assets/js/handleForms3c38.js]
[lonesomelabs.com/wp-content/themes/lonesomelabs/assets/js/global8ee7.js]
[lonesomelabs.com/learn/sourcing-and-supply-chain-management.html]
[lonesomelabs.com/wp-content/themes/lonesomelabs/assets/js/handleForms8ee7.js]
[lonesomelabs.com/wp-content/webp-express/webp-images/uploads/2024/02/image-17-1024x203.png.webp]
[lonesomelabs.com/wp-content/webp-express/webp-images/uploads/2024/02/image-4-1024x399.png.webp]
[lonesomelabs.com/wp-content/webp-express/webp-images/uploads/2024/02/image-3.png.webp]
[lonesomelabs.com/wp-content/webp-express/webp-images/uploads/2024/02/image-2-1024x461.png.webp]
[lonesomelabs.com/wp-content/themes/lonesomelabs/assets/js/global51fc.js]
[lonesomelabs.com/learn/how-to-perfect-inventory-management-as-an-amazon-seller.html]
[lonesomelabs.com/wp-content/themes/lonesomelabs/assets/js/handleForms51fc.js]
[lonesomelabs.com/wp-content/themes/lonesomelabs/assets/js/global34dc.js]
[lonesomelabs.com/learn/amazon-seo.html]
[lonesomelabs.com/wp-content/themes/lonesomelabs/assets/js/handleForms34dc.js]
[lonesomelabs.com/wp-content/themes/lonesomelabs/assets/js/globald3ca.js]
[lonesomelabs.com/learn/product-discovery.html]
[lonesomelabs.com/wp-content/themes/lonesomelabs/assets/js/handleFormsd3ca.js]
[lonesomelabs.com/wp-content/themes/lonesomelabs/assets/js/global709b.js]
[lonesomelabs.com/learn/the-seller-guide-to-order-management-and-fulfillment-strategies-on-amazon.html]
[lonesomelabs.com/wp-content/themes/lonesomelabs/assets/js/handleForms709b.js]
[lonesomelabs.com/wp-content/themes/lonesomelabs/assets/js/globaledf4.js]
[lonesomelabs.com/learn/get-more-product-reviews.html]
[lonesomelabs.com/wp-content/themes/lonesomelabs/assets/js/handleFormsedf4.js]
[lonesomelabs.com/wp-content/themes/lonesomelabs/assets/js/global3cba.js]
[lonesomelabs.com/learn/learn-amazon-seller-central.html]
[lonesomelabs.com/wp-content/themes/lonesomelabs/assets/js/handleForms3cba.js]
[lonesomelabs.com/wp-content/themes/lonesomelabs/assets/js/global96c7.js]
[lonesomelabs.com/learn/amazon-ppc-guide.html]
[lonesomelabs.com/wp-content/themes/lonesomelabs/assets/js/handleForms96c7.js]
[lonesomelabs.com/wp-content/themes/lonesomelabs/assets/js/global9113.js]
[lonesomelabs.com/learn/product-listing-optimization.html]
[lonesomelabs.com/wp-content/themes/lonesomelabs/assets/js/handleForms9113.js]
[lonesomelabs.com/wp-content/themes/lonesomelabs/assets/js/globald179.js]
[lonesomelabs.com/learn/top-3-amazon-feedback-tools-for-2024.html]
[lonesomelabs.com/wp-content/themes/lonesomelabs/assets/js/handleFormsd179.js]
[lonesomelabs.com/wp-content/themes/lonesomelabs/assets/js/globale7e8.js]
[lonesomelabs.com/learn/top-fake-review-detection-tools-for-amazon-sellers.html]
[lonesomelabs.com/wp-content/themes/lonesomelabs/assets/js/handleFormse7e8.js]
[lonesomelabs.com/wp-content/themes/lonesomelabs/assets/js/globalf3aa.js]
[lonesomelabs.com/learn/5-key-strategies-to-elevate-amazon-sales-pricing.html]
[lonesomelabs.com/wp-content/themes/lonesomelabs/assets/js/handleFormsf3aa.js]
[lonesomelabs.com/wp-content/themes/lonesomelabs/assets/js/global597a.js]
[lonesomelabs.com/learn/top-metrics-for-amazon-product-success-3-tips.html]
[lonesomelabs.com/wp-content/themes/lonesomelabs/assets/js/handleForms597a.js]
[lonesomelabs.com/wp-content/themes/lonesomelabs/assets/js/globalcf40.js]
[lonesomelabs.com/learn/why-can-ai-detect-fake-amazon-reviews.html]
[lonesomelabs.com/wp-content/themes/lonesomelabs/assets/js/handleFormscf40.js]
[lonesomelabs.com/wp-content/themes/lonesomelabs/assets/js/global324b.js]
[lonesomelabs.com/learn/what-are-the-best-tools-for-amazon-review-tracking.html]
[lonesomelabs.com/wp-content/themes/lonesomelabs/assets/js/handleForms324b.js]
[lonesomelabs.com/wp-content/themes/lonesomelabs/assets/js/globalcc0a.js]
[lonesomelabs.com/learn/why-choose-the-top-sentiment-analysis-tool-for-amazon-reviews.html]
[lonesomelabs.com/wp-content/themes/lonesomelabs/assets/js/handleFormscc0a.js]
[lonesomelabs.com/wp-content/themes/lonesomelabs/assets/js/global009c.js]
[lonesomelabs.com/learn/unlocking-amazon-review-insights-with-ai-automation.html]
[lonesomelabs.com/wp-content/themes/lonesomelabs/assets/js/handleForms009c.js]
[lonesomelabs.com/wp-content/themes/lonesomelabs/assets/js/globala2d1.js]
[lonesomelabs.com/learn/whats-the-best-amazon-review-automation-tool.html]
[lonesomelabs.com/wp-content/themes/lonesomelabs/assets/js/handleFormsa2d1.js]
[lonesomelabs.com/wp-content/themes/lonesomelabs/assets/js/global5749.js]
[lonesomelabs.com/learn/3rd-part-apps-and-tools.html]
[lonesomelabs.com/wp-content/themes/lonesomelabs/assets/js/handleForms5749.js]
[lonesomelabs.com/wp-content/themes/lonesomelabs/assets/js/globala3e2.js]
[lonesomelabs.com/learn/amazon-return-on-ad-spend-roas.html]
[lonesomelabs.com/wp-content/themes/lonesomelabs/assets/js/handleFormsa3e2.js]
[lonesomelabs.com/wp-content/themes/lonesomelabs/assets/js/global0b35.js]
[lonesomelabs.com/learn/amazon-ad-placements.html]
[lonesomelabs.com/wp-content/themes/lonesomelabs/assets/js/handleForms0b35.js]
[lonesomelabs.com/learn/the-ultimate-seller's-guide-to-amazon-seo-in-2023.html/index.html]
[lonesomelabs.com/wp-content/themes/lonesomelabs/assets/js/globalf6e7.js]
[lonesomelabs.com/learn/the-pricing-playbook-for-amazon-sellers.html]
[lonesomelabs.com/wp-content/themes/lonesomelabs/assets/js/handleFormsf6e7.js]
[lonesomelabs.com/wp-content/themes/lonesomelabs/assets/js/global5f67.js]
[lonesomelabs.com/learn/amazon-exact-match.html]
[lonesomelabs.com/wp-content/themes/lonesomelabs/assets/js/handleForms5f67.js]
[lonesomelabs.com/wp-content/themes/lonesomelabs/assets/js/globaleeab.js]
[lonesomelabs.com/learn/the-2023-definitive-guide-to-effective-advertising.html]
[lonesomelabs.com/wp-content/themes/lonesomelabs/assets/js/handleFormseeab.js]
[lonesomelabs.com/wp-content/themes/lonesomelabs/assets/js/global814e.js]
[lonesomelabs.com/learn/how-to-get-reviews-on-amazon.html]
[lonesomelabs.com/wp-content/themes/lonesomelabs/assets/js/handleForms814e.js]
[lonesomelabs.com/wp-content/themes/lonesomelabs/assets/js/global434c.js]
[lonesomelabs.com/learn/the-ultimate-sellers-guide-to-amazon-seo-in-2023.html]
[lonesomelabs.com/wp-content/themes/lonesomelabs/assets/js/handleForms434c.js]
[lonesomelabs.com/wp-content/themes/lonesomelabs/assets/js/globalccaa.js]
[lonesomelabs.com/learn/amazon-phrase-keywords.html]
[lonesomelabs.com/wp-content/themes/lonesomelabs/assets/js/handleFormsccaa.js]
[lonesomelabs.com/wp-content/themes/lonesomelabs/assets/js/globalbd0a.js]
[lonesomelabs.com/learn/how-to-remove-negative-feedback-on-amazon.html]
[lonesomelabs.com/wp-content/themes/lonesomelabs/assets/js/handleFormsbd0a.js]
[lonesomelabs.com/wp-content/webp-express/webp-images/uploads/2024/02/image-16.png.webp]
[lonesomelabs.com/wp-content/themes/lonesomelabs/assets/js/globald132.js]
[lonesomelabs.com/learn/amazon-ppc-bid-placements.html]
[lonesomelabs.com/wp-content/themes/lonesomelabs/assets/js/handleFormsd132.js]
[lonesomelabs.com/wp-content/themes/lonesomelabs/assets/js/global219c.js]
[lonesomelabs.com/learn/amazon-click-through-rate-ctr.html]
[lonesomelabs.com/wp-content/themes/lonesomelabs/assets/js/handleForms219c.js]
[lonesomelabs.com/wp-content/webp-express/webp-images/uploads/2024/02/image-15.png.webp]
[lonesomelabs.com/wp-content/themes/lonesomelabs/assets/js/global9771.js]
[lonesomelabs.com/learn/amazon-conversion-rate-cvr.html]
[lonesomelabs.com/wp-content/themes/lonesomelabs/assets/js/handleForms9771.js]
[lonesomelabs.com/wp-content/webp-express/webp-images/uploads/2024/02/image-13.png.webp]
[lonesomelabs.com/wp-content/themes/lonesomelabs/assets/js/globala50f.js]
[lonesomelabs.com/learn/what-is-considered-a-good-ratio-between-organic-and-paid-sales.html]
[lonesomelabs.com/wp-content/themes/lonesomelabs/assets/js/handleFormsa50f.js]
[lonesomelabs.com/wp-content/webp-express/webp-images/uploads/2024/02/image-30.jpeg.webp]
[lonesomelabs.com/wp-content/themes/lonesomelabs/assets/js/globalbf3f.js]
[lonesomelabs.com/Amazon-dashboard-MissionControl/index.html]
[lonesomelabs.com/learn/what-is-required-to-sell-on-amazon.html]
[lonesomelabs.com/wp-content/themes/lonesomelabs/assets/js/handleFormsbf3f.js]
[lonesomelabs.com/wp-content/webp-express/webp-images/uploads/2024/02/image-25.jpeg.webp]
[lonesomelabs.com/wp-content/webp-express/webp-images/uploads/2024/02/image-26.jpeg.webp]
[lonesomelabs.com/wp-content/webp-express/webp-images/uploads/2024/02/image-27.jpeg.webp]
[lonesomelabs.com/wp-content/webp-express/webp-images/uploads/2024/02/image-28.jpeg.webp]
[lonesomelabs.com/wp-content/webp-express/webp-images/uploads/2024/02/image-29.jpeg.webp]
[lonesomelabs.com/wp-content/webp-express/webp-images/uploads/2024/02/image-31.jpeg.webp]
[lonesomelabs.com/wp-content/themes/lonesomelabs/assets/js/global7f30.js]
[lonesomelabs.com/learn/feedback-amazon-style-how-to-get-buyer-feedback.html]
[lonesomelabs.com/wp-content/themes/lonesomelabs/assets/js/handleForms7f30.js]
[lonesomelabs.com/wp-content/themes/lonesomelabs/assets/js/global9580.js]
[lonesomelabs.com/learn/manage-amazon-campaign-daily-budgets.html]
[lonesomelabs.com/wp-content/themes/lonesomelabs/assets/js/handleForms9580.js]
[lonesomelabs.com/wp-content/webp-express/webp-images/uploads/2024/02/image-12.png.webp]
[lonesomelabs.com/wp-content/themes/lonesomelabs/assets/js/global5c36.js]
[lonesomelabs.com/learn/build-amazon-ppc-campaign-structure.html]
[lonesomelabs.com/wp-content/themes/lonesomelabs/assets/js/handleForms5c36.js]
[lonesomelabs.com/wp-content/webp-express/webp-images/uploads/2024/02/image-14.jpeg.webp]
[lonesomelabs.com/wp-content/webp-express/webp-images/uploads/2024/02/image-15.jpeg.webp]
[lonesomelabs.com/wp-content/webp-express/webp-images/uploads/2024/02/image-16.jpeg.webp]
[lonesomelabs.com/wp-content/webp-express/webp-images/uploads/2024/02/image-17.jpeg.webp]
[lonesomelabs.com/wp-content/webp-express/webp-images/uploads/2024/02/image-18.jpeg.webp]
[lonesomelabs.com/wp-content/webp-express/webp-images/uploads/2024/02/image-19.jpeg.webp]
[lonesomelabs.com/wp-content/webp-express/webp-images/uploads/2024/02/image-20.jpeg.webp]
[lonesomelabs.com/wp-content/webp-express/webp-images/uploads/2024/02/image-21.jpeg.webp]
[lonesomelabs.com/wp-content/webp-express/webp-images/uploads/2024/02/image-22.jpeg.webp]
[lonesomelabs.com/wp-content/webp-express/webp-images/uploads/2024/02/image-23.jpeg.webp]
[lonesomelabs.com/wp-content/webp-express/webp-images/uploads/2024/02/image-11.png.webp]
[lonesomelabs.com/wp-content/webp-express/webp-images/uploads/2024/02/image-24.jpeg.webp]
[lonesomelabs.com/wp-content/themes/lonesomelabs/assets/js/globalb8fa.js]
[lonesomelabs.com/learn/amazon-reviews.html]
[lonesomelabs.com/wp-content/themes/lonesomelabs/assets/js/handleFormsb8fa.js]
[lonesomelabs.com/wp-content/themes/lonesomelabs/assets/js/globalff5f.js]
[lonesomelabs.com/learn/amazon-bidding-strategies.html]
[lonesomelabs.com/wp-content/themes/lonesomelabs/assets/js/handleFormsff5f.js]
[lonesomelabs.com/wp-content/themes/lonesomelabs/assets/js/global8bfd.js]
[lonesomelabs.com/learn/amazon-sponsored-product-ads.html]
[lonesomelabs.com/wp-content/themes/lonesomelabs/assets/js/handleForms8bfd.js]
[lonesomelabs.com/wp-content/themes/lonesomelabs/assets/js/globalb4e8.js]
[lonesomelabs.com/learn/amazon-broad-keyword.html]
[lonesomelabs.com/wp-content/themes/lonesomelabs/assets/js/handleFormsb4e8.js]
[lonesomelabs.com/wp-content/themes/lonesomelabs/assets/js/global1900.js]
[lonesomelabs.com/learn/the-art-and-power-of-product-discovery.html]
[lonesomelabs.com/wp-content/themes/lonesomelabs/assets/js/handleForms1900.js]
[lonesomelabs.com/wp-content/themes/lonesomelabs/assets/js/global6bd6.js]
[lonesomelabs.com/learn/amazon-keyword-targeting.html]
[lonesomelabs.com/wp-content/themes/lonesomelabs/assets/js/handleForms6bd6.js]
[lonesomelabs.com/wp-content/themes/lonesomelabs/assets/js/globalab4b.js]
[lonesomelabs.com/learn/amazon-product-targeting.html]
[lonesomelabs.com/wp-content/themes/lonesomelabs/assets/js/handleFormsab4b.js]
[lonesomelabs.com/wp-content/themes/lonesomelabs/assets/js/global5c33.js]
[lonesomelabs.com/learn/how-to-get-positive-feedback-on-amazon.html]
[lonesomelabs.com/wp-content/themes/lonesomelabs/assets/js/handleForms5c33.js]
[lonesomelabs.com/wp-content/themes/lonesomelabs/assets/js/global353c.js]
[lonesomelabs.com/learn/amazon-cost-per-click-cpc.html]
[lonesomelabs.com/wp-content/themes/lonesomelabs/assets/js/handleForms353c.js]
[lonesomelabs.com/wp-content/themes/lonesomelabs/assets/js/global5f61.js]
[lonesomelabs.com/learn/amazon-review-importance-for-your-seller-account.html]
[lonesomelabs.com/wp-content/themes/lonesomelabs/assets/js/handleForms5f61.js]
[lonesomelabs.com/wp-content/themes/lonesomelabs/assets/js/global5150.js]
[lonesomelabs.com/learn/amazon-negative-product-targeting.html]
[lonesomelabs.com/wp-content/themes/lonesomelabs/assets/js/handleForms5150.js]
[lonesomelabs.com/wp-content/webp-express/webp-images/uploads/2024/02/image-5.png.webp]
[lonesomelabs.com/wp-content/webp-express/webp-images/uploads/2024/02/image-6.png.webp]
[lonesomelabs.com/wp-content/themes/lonesomelabs/assets/js/global5220.js]
[lonesomelabs.com/learn/search-term-isolation.html]
[lonesomelabs.com/wp-content/themes/lonesomelabs/assets/js/handleForms5220.js]
[lonesomelabs.com/wp-content/themes/lonesomelabs/assets/js/global1ede.js]
[lonesomelabs.com/learn/how-to-increase-sales-on-amazon.html]
[lonesomelabs.com/wp-content/themes/lonesomelabs/assets/js/handleForms1ede.js]
[lonesomelabs.com/wp-content/themes/lonesomelabs/assets/js/global59cc.js]
[lonesomelabs.com/learn/amazon-negative-keyword-targeting.html]
[lonesomelabs.com/wp-content/themes/lonesomelabs/assets/js/handleForms59cc.js]
[lonesomelabs.com/wp-content/themes/lonesomelabs/assets/js/globalaa52.js]
[lonesomelabs.com/learn/amazon-dashboard-for-sellers.html]
[lonesomelabs.com/wp-content/themes/lonesomelabs/assets/js/handleFormsaa52.js]
[lonesomelabs.com/wp-content/themes/lonesomelabs/assets/js/globala564.js]
[lonesomelabs.com/learn/profit-driven-strategies.html]
[lonesomelabs.com/wp-content/themes/lonesomelabs/assets/js/handleFormsa564.js]
[lonesomelabs.com/wp-content/themes/lonesomelabs/assets/js/globalb8df.js]
[lonesomelabs.com/learn/mastering-amazon-seller-central.html]
[lonesomelabs.com/wp-content/themes/lonesomelabs/assets/js/handleFormsb8df.js]
[lonesomelabs.com/wp-content/themes/lonesomelabs/assets/js/globalb8e5.js]
[lonesomelabs.com/learn/do-you-need-an-llc-to-sell-on-amazon.html]
[lonesomelabs.com/wp-content/themes/lonesomelabs/assets/js/handleFormsb8e5.js]
[lonesomelabs.com/wp-content/themes/lonesomelabs/assets/js/global2189.js]
[lonesomelabs.com/learn/software-for-amazon-feedback-the-dos-and-donts.html]
[lonesomelabs.com/wp-content/themes/lonesomelabs/assets/js/handleForms2189.js]
[lonesomelabs.com/wp-content/themes/lonesomelabs/assets/js/globald4c4.js]
[lonesomelabs.com/learn/how-to-sell-on-amazon-without-inventory.html]
[lonesomelabs.com/wp-content/themes/lonesomelabs/assets/js/handleFormsd4c4.js]
[lonesomelabs.com/wp-content/themes/lonesomelabs/assets/js/globalae40.js]
[lonesomelabs.com/learn/amazon-customer-feedback-learn-how-to-get-it.html]
[lonesomelabs.com/wp-content/themes/lonesomelabs/assets/js/handleFormsae40.js]
[lonesomelabs.com/wp-content/themes/lonesomelabs/assets/js/global9819.js]
[lonesomelabs.com/learn/amazon-seller-feedback.html]
[lonesomelabs.com/wp-content/themes/lonesomelabs/assets/js/handleForms9819.js]
[lonesomelabs.com/wp-content/webp-express/webp-images/uploads/2024/02/image.png.webp]
[lonesomelabs.com/wp-content/webp-express/webp-images/uploads/2024/02/image-1.png.webp]
[lonesomelabs.com/wp-content/themes/lonesomelabs/assets/js/global28ea.js]
[lonesomelabs.com/learn/amazon-advertising-cost-of-sales-acos.html]
[lonesomelabs.com/wp-content/themes/lonesomelabs/assets/js/handleForms28ea.js]
[lonesomelabs.com/wp-content/themes/lonesomelabs/assets/js/global78a4.js]
[lonesomelabs.com/learn/amazon-feedback-and-its-importance-to-the-seller.html]
[lonesomelabs.com/learn/the-ultimate-seller's-guide-to-amazon-seo-in-2023.html/index.html]
[lonesomelabs.com/wp-content/themes/lonesomelabs/assets/js/handleForms78a4.js]
[lonesomelabs.com/wp-content/webp-express/webp-images/uploads/2024/02/apps_new-1.png.webp]
[lonesomelabs.com/amazon-dashboard-missioncontrol/index-2.html]
[lonesomelabs.com/wp-content/themes/lonesomelabs/assets/js/globalc0db.js]
[lonesomelabs.com/wp-content/themes/lonesomelabs/assets/js/handleFormsc0db.js]
[lonesomelabs.com/wp-content/themes/lonesomelabs/assets/js/modalsc0db.js]
[lonesomelabs.com/Amazon-dashboard-MissionControl/index.html]
[lonesomelabs.com/wp-content/themes/lonesomelabs/assets/js/globale85d.js]
[lonesomelabs.com/wp-content/themes/lonesomelabs/assets/js/handleFormse85d.js]
[lonesomelabs.com/wp-content/themes/lonesomelabs/assets/js/modalse85d.js]
[lonesomelabs.com/amazon-dashboard-missioncontrol/index-2.html]
